The Food Wife
http://gorillavid.in/ssuobk9k1vin
http://gorillavid.in/7c1tdau2d8ov
http://daclips.in/6rc96n5acko7
http://movpod.in/38cbv8bb7p2y
http://daclips.in/bqsaug9sih8n
http://movpod.in/tdq1qg5lmqop
http://daclips.in/tp515claq2j9
http://gorillavid.in/qy113etliqnk
http://www.movshare.net/video/gz94nh8rtueuu
http://www.videoweed.es/file/jisss2e3oqlqv
http://www.vidbux.com/7j4847ig9nnz
http://www.novamov.com/video/10a71e8738f58
http://watchseries.eu/gateway.php?link=YmZha2pmZWJkZ2hqZmpnY2ZmbGdmZWFfaWpoZ2NkYWFRZGZoZGVqYWpkY4SEgoKCgmZjZGVkZWZnamtsaWRnZGRlY2hqZWJnZWZsZWNfaWhmZmllY2JjZGVoaWpramhiZmtmY4SCgoKChGZoZmRmZGNkZmhkaWlmaGxkZmNfaWhmZ2NqhIKCgoKEZISEgoKCgmRkZGZfaWhmZ2NsZGZhZ2ZrY2lqYmNqZmhlZ2RiYl9pamhnZGOCgoKEhIRkZGZiZWxjbGRh
http://www.movreel.com/0knvu7y40yyr
http://www.uploadc.com/8hf3a35auu56/The.Simpsons.S23E05.HDTV.XviD-LOL.avi.htm
http://www.filenuke.com/mkikvjp5xyhs
http://www.clicktoview.org/ith2n03ugyj5
http://www.vidbux.com/404.html
http://www.filenuke.com/txbkh2koqp23
http://movpod.in/f39njehexgg8
http://www.vidbux.com/o7bcj3g98vik
