At Long Last Leave
http://daclips.in/w0zbnfx30nvg
http://movpod.in/7xjcbt0mr82d
http://gorillavid.in/z11w2letugi8
http://gorillavid.in/iq22pwjehjzj
http://www.videoweed.es/file/12r9vniqrjffl
http://www.movshare.net/video/p8av16iyhqxot
http://movpod.in/xkpjkyo723dq
http://gorillavid.in/nz4j265m30ao
http://www.novamov.com/video/054x9wgqa1omi
http://muchshare.net/m3rox1swj0fx
http://movzap.com/9sdra8vg6mh5
http://muchshare.net/ekrteljqjlvp
http://www.uploadc.com/pvv8u1ekjgw1/the.simpsons.2314.hdtv-lol.avi.htm
http://www.vidbux.com/404.html
http://www.uploadc.com/ft0024lbgre3/The.Simpsons.S23E14.HDTV.XviD-LOL.avi.htm
http://www.uploadc.com/vu0thzgqdrei
http://www.uploadc.com/s9vqne95upp7
http://www.uploadc.com/pdotbc85an5b/the.simpsons.2314.hdtv-lol.p.flv.htm
http://www.uploadc.com/gq6xh35tgjrv/the.simpsons.2314.hdtv-lol.p.flv.htm
http://www.uploadc.com/le1kfjkm1wyt/the.simpsons.2314.hdtv-lol.flv.htm
http://www.uploadc.com/wz27r08xgnkj/grandleech.com_the.simpsons.s23e14.480p.mediatvzone.mkv.htm
