The Daughter Also Rises
http://daclips.in/cu6grm3cd92k
http://movpod.in/n68q3zpetjqy
http://gorillavid.in/yizejfzhsm6a
http://gorillavid.in/5dg17zv3rnla
http://daclips.in/p3iujnla5vl1
http://movpod.in/ftgoa1789pz2
http://daclips.in/aiizev6260o7
http://gorillavid.in/64lvaffbmcw0
http://www.videoweed.es/file/ffqvmkzk5kle2
http://www.vidbux.com/fneat39k96gw
http://www.vidbux.com/qxt1opqk3lao
http://www.novamov.com/video/c45pwxwfthvsr
http://www.vidbux.com/9k7pzd4o5qdn
http://muchshare.net/bvxusdzpnw7a
http://muchshare.net/6nlprsv5i3hy
http://movreel.com/w2haghwsxqo9
http://watchseries.eu/gateway.php?link=YmZhbGVqY2hnZmRqamVnZ2hnaWdkamdoYWFsZWxjaWFhY1NkZmZiZWpjbGtsgoKCgoSEZ2NiY2RlaGlqa2piYWJoamZnZmNkZmZnampjYV9qZWxlZmlhYmNmZ2hpaGlqamtoZmRpgoKChISEZGNhZWlna2llZ2djaWhka2ViZGFfbGVsZWlmgoKEhISEYoKCgoSEhGRiYmRfbGVsZWlqYmNqamZqZmplaWlkaGZoY2JiZGFsZWpjamOEhISEgoJiZGhkZ2xhamlq
http://www.vidbux.com/w5idq1wy6vp1
http://www.uploadc.com/za5tkhxsrju9
http://www.filebox.com/zunt7nyzefbn
http://www.vidbux.com/g99z6cdk2adi
