Radio Bart
http://daclips.in/tvh4ohnvswdy
http://gorillavid.in/09ltezngic9e
http://movpod.in/0uqpijy45ulk
http://gorillavid.in/s4cf2z0o3thw
http://daclips.in/t4ojzxd5b48b
http://movpod.in/3ps1a6zm22pw
http://daclips.in/53wz6wmg0l8d
http://gorillavid.in/3lbvesy3exhv
http://www.movshare.net/video/cxtvs033cnjrc
http://www.videoweed.es/file/d4geqbnw71u1j
http://watchseries.eu/gateway.php?link=YmZhZWtoYWRoa2NobGhoZ2pqZ2tnYmpmYWFla2phZWVhY1NkZmZiZWljZ2trgoKCgoSEaGNiY2RlaGlqa2piZGVqZGRrZWViYWRoZ2tjY2FfZWtpbGppYWJlZmdoZ2hpamtja2tmZ4KChISEhGJlamRla2dqY2hlZWlqZmhhYmRhYWVramFlaYKEhISEgmKCgoSEhIRiYmJkYWVramFmY2RqamZpamVkZWhqZWpmZ2JiZGFla2hhZmaEhISEgoJiZGhkZ2thZWlp
http://watchseries.eu/gateway.php?link=YmZhZmlnZmRpZGVqZGJmZGFlaWVpYWVkZ2NhZmlnZmVoY2NTZGRmYmVrY2draYKCgoSEhGlhYmNkZ2hpamlqYmRsbGRmZmdkZ2RpaGpkY2FfZmlpZ2ppYWJlZmdoZ2hpamZpZ2ZpYYKChISEhGJiaGVpZWVkYmplYWdmamhnYmRhYWZpaWZmY4KEhISEgmKCgoSEhIRiYmJkYWZpaWZmaGlnZWlpaWplZ2tmZWdiaWJiZGFmaWdmZ4KEhISEgmJkZmRna2NlaWk=
http://movpod.in/wmcazfm1xikf
http://www.vidbux.com/ccrzweqieb89
http://www.clicktoview.org/ryhzkac9ka69
